******************************************************************************
                  TI ARM Linker PC v16.9.6                     
******************************************************************************
>> Linked Wed Mar 07 20:53:35 2018

OUTPUT FILE NAME:   <testingProjects.out>
ENTRY POINT SYMBOL: "_c_int00"  address: 000023b9


MEMORY CONFIGURATION

         name            origin    length      used     unused   attr    fill
----------------------  --------  ---------  --------  --------  ----  --------
  MAIN                  00000000   00040000  0000273c  0003d8c4  R  X
  INFO                  00200000   00004000  00000000  00004000  R  X
  SRAM_CODE             01000000   00010000  00000252  0000fdae  RW X
  SRAM_DATA             20000000   00010000  00000252  0000fdae  RW  


SEGMENT ALLOCATION MAP

run origin  load origin   length   init length attrs members
----------  ----------- ---------- ----------- ----- -------
00000000    00000000    00002740   00002740    r-x
  00000000    00000000    000000e4   000000e4    r-- .intvecs
  000000e4    000000e4    000024c0   000024c0    r-x .text
  000025a8    000025a8    00000158   00000158    r-- .const
  00002700    00002700    00000040   00000040    r-- .cinit
20000000    20000000    00000055   00000000    rw-
  20000000    20000000    0000002d   00000000    rw- .bss
  20000030    20000030    00000025   00000000    rw- .data
2000fe00    2000fe00    00000200   00000000    rw-
  2000fe00    2000fe00    00000200   00000000    rw- .stack


SECTION ALLOCATION MAP

 output                                  attributes/
section   page    origin      length       input sections
--------  ----  ----------  ----------   ----------------
.intvecs   0    00000000    000000e4     
                  00000000    000000e4     startup_msp432p401r_ccs.obj (.intvecs:retain)

.binit     0    00000000    00000000     

.text      0    000000e4    000024c0     
                  000000e4    00000738     rtsv7M4_T_le_v4SPD16_eabi.lib : k_rem_pio2.obj (.text)
                  0000081c    000005c4                                   : s_sin.obj (.text)
                  00000de0    00000334     system_msp432p401r.obj (.text)
                  00001114    0000032c     UART.obj (.text)
                  00001440    000001b6     rtsv7M4_T_le_v4SPD16_eabi.lib : fd_add_t2.obj (.text)
                  000015f6    00000002                                   : mpu_init.obj (.text)
                  000015f8    00000174                                   : k_sin.obj (.text)
                  0000176c    0000016c                                   : k_cos.obj (.text)
                  000018d8    00000138     dacFuncs.obj (.text)
                  00001a10    00000136     rtsv7M4_T_le_v4SPD16_eabi.lib : fd_div_t2.obj (.text)
                  00001b46    00000002                                   : startup.obj (.text)
                  00001b48    0000011c     main.obj (.text)
                  00001c64    000000fc     rtsv7M4_T_le_v4SPD16_eabi.lib : fd_mul_t2.obj (.text)
                  00001d60    000000fc                                   : s_scalbn.obj (.text)
                  00001e5c    000000f8                                   : s_floor.obj (.text)
                  00001f54    000000d8     delay.obj (.text)
                  0000202c    0000009c     rtsv7M4_T_le_v4SPD16_eabi.lib : memcpy_t2.obj (.text)
                  000020c8    00000090     spi.obj (.text)
                  00002158    00000086     rtsv7M4_T_le_v4SPD16_eabi.lib : fd_cmp_t2.obj (.text:__aeabi_cdcmple)
                  000021de    00000086                                   : fd_cmp_t2.obj (.text:__aeabi_cdrcmple)
                  00002264    0000007a                                   : memset_t2.obj (.text)
                  000022de    00000002     --HOLE-- [fill = 0]
                  000022e0    00000070                                   : autoinit.obj (.text)
                  00002350    00000068                                   : copy_decompress_lzss.obj (.text:decompress:lzss)
                  000023b8    00000054                                   : boot.obj (.text)
                  0000240c    00000054                                   : exit.obj (.text)
                  00002460    0000004c                                   : cpy_tbl.obj (.text)
                  000024ac    00000048                                   : fd_toi_t2.obj (.text)
                  000024f4    0000002e                                   : i_tofd_t2.obj (.text)
                  00002522    00000002     --HOLE-- [fill = 0]
                  00002524    00000018                                   : args_main.obj (.text)
                  0000253c    00000014                                   : _lock.obj (.text)
                  00002550    00000014                                   : s_copysign.obj (.text)
                  00002564    00000014                                   : strlen.obj (.text)
                  00002578    0000000e                                   : copy_decompress_none.obj (.text:decompress:none)
                  00002586    0000000e     startup_msp432p401r_ccs.obj (.text)
                  00002594    0000000c     rtsv7M4_T_le_v4SPD16_eabi.lib : copy_zero_init.obj (.text:decompress:ZI)
                  000025a0    00000004                                   : pre_init.obj (.text)

.const     0    000025a8    00000158     
                  000025a8    00000158     rtsv7M4_T_le_v4SPD16_eabi.lib : k_rem_pio2.obj (.const:$O1$$)

.cinit     0    00002700    00000040     
                  00002700    00000016     (.cinit..data.load) [load image, compression = lzss]
                  00002716    00000002     --HOLE-- [fill = 0]
                  00002718    0000000c     (__TI_handler_table)
                  00002724    00000004     --HOLE-- [fill = 0]
                  00002728    00000008     (.cinit..bss.load) [load image, compression = zero_init]
                  00002730    00000010     (__TI_cinit_table)

.init_array 
*          0    00000000    00000000     UNINITIALIZED

.bss       0    20000000    0000002d     UNINITIALIZED
                  20000000    00000028     dacFuncs.obj (.bss:sinewave$1)
                  20000028    00000004     (.common:terminalbuffer)
                  2000002c    00000001     (.common:terminalbufferReady)

.data      0    20000030    00000025     UNINITIALIZED
                  20000030    0000000c     rtsv7M4_T_le_v4SPD16_eabi.lib : exit.obj (.data:$O1$$)
                  2000003c    00000008                                   : _lock.obj (.data:$O1$$)
                  20000044    00000004     main.obj (.data)
                  20000048    00000004     rtsv7M4_T_le_v4SPD16_eabi.lib : errno.obj (.data)
                  2000004c    00000004                                   : stkdepth_vars.obj (.data)
                  20000050    00000004     system_msp432p401r.obj (.data)
                  20000054    00000001     UART.obj (.data)

.stack     0    2000fe00    00000200     UNINITIALIZED
                  2000fe00    00000200     --HOLE--

MODULE SUMMARY

       Module                        code   ro data   rw data
       ------                        ----   -------   -------
    .\
       system_msp432p401r.obj        820    0         8      
       UART.obj                      812    0         12     
       dacFuncs.obj                  312    0         80     
       main.obj                      284    0         8      
       startup_msp432p401r_ccs.obj   14     228       0      
       delay.obj                     216    0         0      
       spi.obj                       144    0         0      
    +--+-----------------------------+------+---------+---------+
       Total:                        2602   228       108    
                                                             
    C:\ti\ccsv7\tools\compiler\ti-cgt-arm_16.9.6.LTS\lib\rtsv7M4_T_le_v4SPD16_eabi.lib
       k_rem_pio2.obj                1848   344       0      
       s_sin.obj                     1476   0         0      
       fd_add_t2.obj                 438    0         0      
       k_sin.obj                     372    0         0      
       k_cos.obj                     364    0         0      
       fd_div_t2.obj                 310    0         0      
       fd_cmp_t2.obj                 268    0         0      
       fd_mul_t2.obj                 252    0         0      
       s_scalbn.obj                  252    0         0      
       s_floor.obj                   248    0         0      
       memcpy_t2.obj                 156    0         0      
       memset_t2.obj                 122    0         0      
       autoinit.obj                  112    0         0      
       exit.obj                      84     0         24     
       copy_decompress_lzss.obj      104    0         0      
       boot.obj                      84     0         0      
       cpy_tbl.obj                   76     0         0      
       fd_toi_t2.obj                 72     0         0      
       i_tofd_t2.obj                 46     0         0      
       _lock.obj                     20     0         16     
       args_main.obj                 24     0         0      
       s_copysign.obj                20     0         0      
       strlen.obj                    20     0         0      
       copy_decompress_none.obj      14     0         0      
       copy_zero_init.obj            12     0         0      
       errno.obj                     0      0         8      
       stkdepth_vars.obj             0      0         8      
       pre_init.obj                  4      0         0      
       mpu_init.obj                  2      0         0      
       startup.obj                   2      0         0      
    +--+-----------------------------+------+---------+---------+
       Total:                        6802   344       56     
                                                             
       Stack:                        0      0         1024   
       Linker Generated:             0      58        0      
    +--+-----------------------------+------+---------+---------+
       Grand Total:                  9404   630       1188   


LINKER GENERATED COPY TABLES

__TI_cinit_table @ 00002730 records: 2, size/record: 8, table size: 16
	.data: load addr=00002700, load size=00000016 bytes, run addr=20000030, run size=00000025 bytes, compression=lzss
	.bss: load addr=00002728, load size=00000008 bytes, run addr=20000000, run size=0000002d bytes, compression=zero_init


LINKER GENERATED HANDLER TABLE

__TI_handler_table @ 00002718 records: 3, size/record: 4, table size: 12
	index: 0, handler: __TI_decompress_lzss
	index: 1, handler: __TI_decompress_none
	index: 2, handler: __TI_zero_init


GLOBAL SYMBOLS: SORTED ALPHABETICALLY BY Name 

address   name                           
-------   ----                           
00002593  ADC14_IRQHandler               
00002593  AES256_IRQHandler              
00002593  BusFault_Handler               
0000240d  C$$EXIT                        
00002593  COMP_E0_IRQHandler             
00002593  COMP_E1_IRQHandler             
00002593  CS_IRQHandler                  
00002593  DMA_ERR_IRQHandler             
00002593  DMA_INT0_IRQHandler            
00002593  DMA_INT1_IRQHandler            
00002593  DMA_INT2_IRQHandler            
00002593  DMA_INT3_IRQHandler            
00002593  DebugMon_Handler               
00002593  Default_Handler                
000018d9  Drive_DAC                      
00001393  EUSCIA0_IRQHandler             
00001393  EUSCIA0_IRQHandler             
00002593  EUSCIA1_IRQHandler             
00002593  EUSCIA2_IRQHandler             
00002593  EUSCIA3_IRQHandler             
00002593  EUSCIB0_IRQHandler             
00002593  EUSCIB1_IRQHandler             
00002593  EUSCIB2_IRQHandler             
00002593  EUSCIB3_IRQHandler             
00002593  FLCTL_IRQHandler               
00002593  FPU_IRQHandler                 
00002593  HardFault_Handler              
00002593  MemManage_Handler              
00002593  NMI_Handler                    
00002593  PCM_IRQHandler                 
00002593  PORT1_IRQHandler               
00002593  PORT2_IRQHandler               
00002593  PORT3_IRQHandler               
00002593  PORT4_IRQHandler               
00002593  PORT5_IRQHandler               
00002593  PORT6_IRQHandler               
00002593  PSS_IRQHandler                 
00002593  PendSV_Handler                 
00002593  RTC_C_IRQHandler               
00002587  Reset_Handler                  
UNDEFED   SHT$$INIT_ARRAY$$Base          
UNDEFED   SHT$$INIT_ARRAY$$Limit         
000020c9  SPI_init                       
00002593  SVC_Handler                    
00002593  SysTick_Handler                
20000050  SystemCoreClock                
00000de1  SystemCoreClockUpdate          
00001059  SystemInit                     
00002593  T32_INT1_IRQHandler            
00002593  T32_INT2_IRQHandler            
00002593  T32_INTC_IRQHandler            
00002593  TA0_0_IRQHandler               
00002593  TA0_N_IRQHandler               
00002593  TA1_0_IRQHandler               
00002593  TA1_N_IRQHandler               
00002593  TA2_0_IRQHandler               
00002593  TA2_N_IRQHandler               
00002593  TA3_0_IRQHandler               
00002593  TA3_N_IRQHandler               
20000044  TempDAC_Value                  
00002593  UsageFault_Handler             
4000480c  WDTCTL_SYM                     
00002593  WDT_A_IRQHandler               
20010000  __STACK_END                    
00000200  __STACK_SIZE                   
00002730  __TI_CINIT_Base                
00002740  __TI_CINIT_Limit               
00002718  __TI_Handler_Table_Base        
00002724  __TI_Handler_Table_Limit       
000022e1  __TI_auto_init                 
20000030  __TI_cleanup_ptr               
00002351  __TI_decompress_lzss           
00002579  __TI_decompress_none           
20000034  __TI_dtors_ptr                 
20000038  __TI_enable_exit_profile_output
ffffffff  __TI_pprof_out_hndl            
ffffffff  __TI_prof_data_size            
ffffffff  __TI_prof_data_start           
00000000  __TI_static_base__             
00002595  __TI_zero_init                 
00002159  __aeabi_cdcmpeq                
00002159  __aeabi_cdcmple                
000021df  __aeabi_cdrcmple               
000024ad  __aeabi_d2iz                   
0000144b  __aeabi_dadd                   
00001a11  __aeabi_ddiv                   
00001c65  __aeabi_dmul                   
00001441  __aeabi_dsub                   
000024f5  __aeabi_i2d                    
00002265  __aeabi_memclr                 
00002265  __aeabi_memclr4                
00002265  __aeabi_memclr8                
0000202d  __aeabi_memcpy                 
0000202d  __aeabi_memcpy4                
0000202d  __aeabi_memcpy8                
00002267  __aeabi_memset                 
00002267  __aeabi_memset4                
00002267  __aeabi_memset8                
ffffffff  __binit__                      
ffffffff  __c_args__                     
0000176d  __kernel_cos                   
000000e5  __kernel_rem_pio2              
000015f9  __kernel_sin                   
000015f7  __mpu_init                     
2000fe00  __stack                        
00002525  _args_main                     
000023b9  _c_int00                       
2000003c  _lock                          
0000254b  _nop                           
00002543  _register_lock                 
0000253d  _register_unlock               
00001b47  _system_post_cinit             
000025a1  _system_pre_init               
20000040  _unlock                        
00002411  abort                          
ffffffff  binit                          
00001957  computeSin                     
00002461  copy_in                        
00002551  copysign                       
00002551  copysignl                      
00001f55  delay_ms                       
00001f7d  delay_us                       
20000048  errno                          
00002419  exit                           
00001e5d  floor                          
00001e5d  floorl                         
00000000  interruptVectors               
00001d61  ldexp                          
00001d61  ldexpl                         
00001b49  main                           
2000004c  main_func_sp                   
0000202d  memcpy                         
0000226d  memset                         
20000054  readCount                      
00001d61  scalbn                         
00001d61  scalbnl                        
00001fb3  set_DCO                        
0000081d  sin                            
0000081d  sinl                           
00002565  strlen                         
0000117f  terminal_init                  
00001371  terminal_receiveInt            
000011d5  terminal_transmitChar          
0000129b  terminal_transmitDouble        
00001219  terminal_transmitInt           
000011f1  terminal_transmitWord          
20000028  terminalbuffer                 
2000002c  terminalbufferReady            


GLOBAL SYMBOLS: SORTED BY Symbol Address 

address   name                           
-------   ----                           
00000000  __TI_static_base__             
00000000  interruptVectors               
000000e5  __kernel_rem_pio2              
00000200  __STACK_SIZE                   
0000081d  sin                            
0000081d  sinl                           
00000de1  SystemCoreClockUpdate          
00001059  SystemInit                     
0000117f  terminal_init                  
000011d5  terminal_transmitChar          
000011f1  terminal_transmitWord          
00001219  terminal_transmitInt           
0000129b  terminal_transmitDouble        
00001371  terminal_receiveInt            
00001393  EUSCIA0_IRQHandler             
00001393  EUSCIA0_IRQHandler             
00001441  __aeabi_dsub                   
0000144b  __aeabi_dadd                   
000015f7  __mpu_init                     
000015f9  __kernel_sin                   
0000176d  __kernel_cos                   
000018d9  Drive_DAC                      
00001957  computeSin                     
00001a11  __aeabi_ddiv                   
00001b47  _system_post_cinit             
00001b49  main                           
00001c65  __aeabi_dmul                   
00001d61  ldexp                          
00001d61  ldexpl                         
00001d61  scalbn                         
00001d61  scalbnl                        
00001e5d  floor                          
00001e5d  floorl                         
00001f55  delay_ms                       
00001f7d  delay_us                       
00001fb3  set_DCO                        
0000202d  __aeabi_memcpy                 
0000202d  __aeabi_memcpy4                
0000202d  __aeabi_memcpy8                
0000202d  memcpy                         
000020c9  SPI_init                       
00002159  __aeabi_cdcmpeq                
00002159  __aeabi_cdcmple                
000021df  __aeabi_cdrcmple               
00002265  __aeabi_memclr                 
00002265  __aeabi_memclr4                
00002265  __aeabi_memclr8                
00002267  __aeabi_memset                 
00002267  __aeabi_memset4                
00002267  __aeabi_memset8                
0000226d  memset                         
000022e1  __TI_auto_init                 
00002351  __TI_decompress_lzss           
000023b9  _c_int00                       
0000240d  C$$EXIT                        
00002411  abort                          
00002419  exit                           
00002461  copy_in                        
000024ad  __aeabi_d2iz                   
000024f5  __aeabi_i2d                    
00002525  _args_main                     
0000253d  _register_unlock               
00002543  _register_lock                 
0000254b  _nop                           
00002551  copysign                       
00002551  copysignl                      
00002565  strlen                         
00002579  __TI_decompress_none           
00002587  Reset_Handler                  
00002593  ADC14_IRQHandler               
00002593  AES256_IRQHandler              
00002593  BusFault_Handler               
00002593  COMP_E0_IRQHandler             
00002593  COMP_E1_IRQHandler             
00002593  CS_IRQHandler                  
00002593  DMA_ERR_IRQHandler             
00002593  DMA_INT0_IRQHandler            
00002593  DMA_INT1_IRQHandler            
00002593  DMA_INT2_IRQHandler            
00002593  DMA_INT3_IRQHandler            
00002593  DebugMon_Handler               
00002593  Default_Handler                
00002593  EUSCIA1_IRQHandler             
00002593  EUSCIA2_IRQHandler             
00002593  EUSCIA3_IRQHandler             
00002593  EUSCIB0_IRQHandler             
00002593  EUSCIB1_IRQHandler             
00002593  EUSCIB2_IRQHandler             
00002593  EUSCIB3_IRQHandler             
00002593  FLCTL_IRQHandler               
00002593  FPU_IRQHandler                 
00002593  HardFault_Handler              
00002593  MemManage_Handler              
00002593  NMI_Handler                    
00002593  PCM_IRQHandler                 
00002593  PORT1_IRQHandler               
00002593  PORT2_IRQHandler               
00002593  PORT3_IRQHandler               
00002593  PORT4_IRQHandler               
00002593  PORT5_IRQHandler               
00002593  PORT6_IRQHandler               
00002593  PSS_IRQHandler                 
00002593  PendSV_Handler                 
00002593  RTC_C_IRQHandler               
00002593  SVC_Handler                    
00002593  SysTick_Handler                
00002593  T32_INT1_IRQHandler            
00002593  T32_INT2_IRQHandler            
00002593  T32_INTC_IRQHandler            
00002593  TA0_0_IRQHandler               
00002593  TA0_N_IRQHandler               
00002593  TA1_0_IRQHandler               
00002593  TA1_N_IRQHandler               
00002593  TA2_0_IRQHandler               
00002593  TA2_N_IRQHandler               
00002593  TA3_0_IRQHandler               
00002593  TA3_N_IRQHandler               
00002593  UsageFault_Handler             
00002593  WDT_A_IRQHandler               
00002595  __TI_zero_init                 
000025a1  _system_pre_init               
00002718  __TI_Handler_Table_Base        
00002724  __TI_Handler_Table_Limit       
00002730  __TI_CINIT_Base                
00002740  __TI_CINIT_Limit               
20000028  terminalbuffer                 
2000002c  terminalbufferReady            
20000030  __TI_cleanup_ptr               
20000034  __TI_dtors_ptr                 
20000038  __TI_enable_exit_profile_output
2000003c  _lock                          
20000040  _unlock                        
20000044  TempDAC_Value                  
20000048  errno                          
2000004c  main_func_sp                   
20000050  SystemCoreClock                
20000054  readCount                      
2000fe00  __stack                        
20010000  __STACK_END                    
4000480c  WDTCTL_SYM                     
ffffffff  __TI_pprof_out_hndl            
ffffffff  __TI_prof_data_size            
ffffffff  __TI_prof_data_start           
ffffffff  __binit__                      
ffffffff  __c_args__                     
ffffffff  binit                          
UNDEFED   SHT$$INIT_ARRAY$$Base          
UNDEFED   SHT$$INIT_ARRAY$$Limit         

[148 symbols]
