******************************************************************************
                  TI ARM Linker PC v16.9.6                     
******************************************************************************
>> Linked Fri Mar 16 17:19:39 2018

OUTPUT FILE NAME:   <testingProjects.out>
ENTRY POINT SYMBOL: "_c_int00"  address: 00000d49


MEMORY CONFIGURATION

         name            origin    length      used     unused   attr    fill
----------------------  --------  ---------  --------  --------  ----  --------
  MAIN                  00000000   00040000  00000f30  0003f0d0  R  X
  INFO                  00200000   00004000  00000000  00004000  R  X
  SRAM_CODE             01000000   00010000  00000225  0000fddb  RW X
  SRAM_DATA             20000000   00010000  00000225  0000fddb  RW  


SEGMENT ALLOCATION MAP

run origin  load origin   length   init length attrs members
----------  ----------- ---------- ----------- ----- -------
00000000    00000000    00000f30   00000f30    r-x
  00000000    00000000    000000e4   000000e4    r-- .intvecs
  000000e4    000000e4    00000e0c   00000e0c    r-x .text
  00000ef0    00000ef0    00000040   00000040    r-- .cinit
20000000    20000000    00000025   00000000    rw-
  20000000    20000000    0000001c   00000000    rw- .data
  2000001c    2000001c    00000009   00000000    rw- .bss
2000fe00    2000fe00    00000200   00000000    rw-
  2000fe00    2000fe00    00000200   00000000    rw- .stack


SECTION ALLOCATION MAP

 output                                  attributes/
section   page    origin      length       input sections
--------  ----  ----------  ----------   ----------------
.intvecs   0    00000000    000000e4     
                  00000000    000000e4     startup_msp432p401r_ccs.obj (.intvecs:retain)

.binit     0    00000000    00000000     

.text      0    000000e4    00000e0c     
                  000000e4    00000334     system_msp432p401r.obj (.text)
                  00000418    0000029c     terminal.obj (.text)
                  000006b4    00000136     rtsv7M4_T_le_v4SPD16_eabi.lib : fd_div_t2.obj (.text)
                  000007ea    00000002                                   : mpu_init.obj (.text)
                  000007ec    000000fc     main.obj (.text)
                  000008e8    000000d8     delay.obj (.text)
                  000009c0    0000009c     rtsv7M4_T_le_v4SPD16_eabi.lib : memcpy_t2.obj (.text)
                  00000a5c    00000090     spi.obj (.text)
                  00000aec    00000086     rtsv7M4_T_le_v4SPD16_eabi.lib : fd_cmp_t2.obj (.text:__aeabi_cdcmple)
                  00000b72    00000002                                   : startup.obj (.text)
                  00000b74    00000080     timer.obj (.text)
                  00000bf4    0000007a     rtsv7M4_T_le_v4SPD16_eabi.lib : memset_t2.obj (.text)
                  00000c6e    00000002     --HOLE-- [fill = 0]
                  00000c70    00000070                                   : autoinit.obj (.text)
                  00000ce0    00000068                                   : copy_decompress_lzss.obj (.text:decompress:lzss)
                  00000d48    00000054                                   : boot.obj (.text)
                  00000d9c    00000054                                   : exit.obj (.text)
                  00000df0    0000004c                                   : cpy_tbl.obj (.text)
                  00000e3c    00000048                                   : fd_toi_t2.obj (.text)
                  00000e84    00000018                                   : args_main.obj (.text)
                  00000e9c    00000014                                   : _lock.obj (.text)
                  00000eb0    00000014                                   : strlen.obj (.text)
                  00000ec4    0000000e                                   : copy_decompress_none.obj (.text:decompress:none)
                  00000ed2    0000000e     startup_msp432p401r_ccs.obj (.text)
                  00000ee0    0000000c     rtsv7M4_T_le_v4SPD16_eabi.lib : copy_zero_init.obj (.text:decompress:ZI)
                  00000eec    00000004                                   : pre_init.obj (.text)

.cinit     0    00000ef0    00000040     
                  00000ef0    00000015     (.cinit..data.load) [load image, compression = lzss]
                  00000f05    00000003     --HOLE-- [fill = 0]
                  00000f08    0000000c     (__TI_handler_table)
                  00000f14    00000004     --HOLE-- [fill = 0]
                  00000f18    00000008     (.cinit..bss.load) [load image, compression = zero_init]
                  00000f20    00000010     (__TI_cinit_table)

.init_array 
*          0    00000000    00000000     UNINITIALIZED

.data      0    20000000    0000001c     UNINITIALIZED
                  20000000    0000000c     rtsv7M4_T_le_v4SPD16_eabi.lib : exit.obj (.data:$O1$$)
                  2000000c    00000008                                   : _lock.obj (.data:$O1$$)
                  20000014    00000004                                   : stkdepth_vars.obj (.data)
                  20000018    00000004     system_msp432p401r.obj (.data)

.bss       0    2000001c    00000009     UNINITIALIZED
                  2000001c    00000004     (.common:itemCount)
                  20000020    00000004     (.common:terminalbuffer)
                  20000024    00000001     (.common:terminalbufferReady)

.stack     0    2000fe00    00000200     UNINITIALIZED
                  2000fe00    00000200     --HOLE--

MODULE SUMMARY

       Module                        code   ro data   rw data
       ------                        ----   -------   -------
    .\
       system_msp432p401r.obj        820    0         8      
       terminal.obj                  668    0         10     
       main.obj                      252    0         8      
       startup_msp432p401r_ccs.obj   14     228       0      
       delay.obj                     216    0         0      
       spi.obj                       144    0         0      
       timer.obj                     128    0         0      
    +--+-----------------------------+------+---------+---------+
       Total:                        2242   228       26     
                                                             
    C:\ti\ccsv7\tools\compiler\ti-cgt-arm_16.9.6.LTS\lib\rtsv7M4_T_le_v4SPD16_eabi.lib
       fd_div_t2.obj                 310    0         0      
       memcpy_t2.obj                 156    0         0      
       fd_cmp_t2.obj                 134    0         0      
       memset_t2.obj                 122    0         0      
       autoinit.obj                  112    0         0      
       exit.obj                      84     0         24     
       copy_decompress_lzss.obj      104    0         0      
       boot.obj                      84     0         0      
       cpy_tbl.obj                   76     0         0      
       fd_toi_t2.obj                 72     0         0      
       _lock.obj                     20     0         16     
       args_main.obj                 24     0         0      
       strlen.obj                    20     0         0      
       copy_decompress_none.obj      14     0         0      
       copy_zero_init.obj            12     0         0      
       stkdepth_vars.obj             0      0         8      
       pre_init.obj                  4      0         0      
       mpu_init.obj                  2      0         0      
       startup.obj                   2      0         0      
    +--+-----------------------------+------+---------+---------+
       Total:                        1352   0         48     
                                                             
       Stack:                        0      0         1024   
       Linker Generated:             0      57        0      
    +--+-----------------------------+------+---------+---------+
       Grand Total:                  3594   285       1098   


LINKER GENERATED COPY TABLES

__TI_cinit_table @ 00000f20 records: 2, size/record: 8, table size: 16
	.data: load addr=00000ef0, load size=00000015 bytes, run addr=20000000, run size=0000001c bytes, compression=lzss
	.bss: load addr=00000f18, load size=00000008 bytes, run addr=2000001c, run size=00000009 bytes, compression=zero_init


LINKER GENERATED HANDLER TABLE

__TI_handler_table @ 00000f08 records: 3, size/record: 4, table size: 12
	index: 0, handler: __TI_decompress_lzss
	index: 1, handler: __TI_decompress_none
	index: 2, handler: __TI_zero_init


GLOBAL SYMBOLS: SORTED ALPHABETICALLY BY Name 

address   name                           
-------   ----                           
00000edf  ADC14_IRQHandler               
00000edf  AES256_IRQHandler              
00000edf  BusFault_Handler               
00000d9d  C$$EXIT                        
00000edf  COMP_E0_IRQHandler             
00000edf  COMP_E1_IRQHandler             
00000edf  CS_IRQHandler                  
00000edf  DMA_ERR_IRQHandler             
00000edf  DMA_INT0_IRQHandler            
00000edf  DMA_INT1_IRQHandler            
00000edf  DMA_INT2_IRQHandler            
00000edf  DMA_INT3_IRQHandler            
00000edf  DebugMon_Handler               
00000edf  Default_Handler                
00000617  EUSCIA0_IRQHandler             
00000617  EUSCIA0_IRQHandler             
00000edf  EUSCIA1_IRQHandler             
00000edf  EUSCIA2_IRQHandler             
00000edf  EUSCIA3_IRQHandler             
00000edf  EUSCIB0_IRQHandler             
00000edf  EUSCIB1_IRQHandler             
00000edf  EUSCIB2_IRQHandler             
00000edf  EUSCIB3_IRQHandler             
00000edf  FLCTL_IRQHandler               
00000edf  FPU_IRQHandler                 
00000edf  HardFault_Handler              
00000edf  MemManage_Handler              
00000edf  NMI_Handler                    
00000edf  PCM_IRQHandler                 
00000edf  PORT1_IRQHandler               
00000edf  PORT2_IRQHandler               
00000edf  PORT3_IRQHandler               
00000edf  PORT4_IRQHandler               
00000edf  PORT5_IRQHandler               
00000edf  PORT6_IRQHandler               
00000edf  PSS_IRQHandler                 
00000edf  PendSV_Handler                 
00000edf  RTC_C_IRQHandler               
00000ed3  Reset_Handler                  
UNDEFED   SHT$$INIT_ARRAY$$Base          
UNDEFED   SHT$$INIT_ARRAY$$Limit         
00000a5d  SPI_init                       
00000edf  SVC_Handler                    
00000edf  SysTick_Handler                
20000018  SystemCoreClock                
000000e5  SystemCoreClockUpdate          
0000035d  SystemInit                     
00000edf  T32_INT1_IRQHandler            
00000edf  T32_INT2_IRQHandler            
00000edf  T32_INTC_IRQHandler            
00000bbf  TA0_0_IRQHandler               
00000bbf  TA0_0_IRQHandler               
00000edf  TA0_N_IRQHandler               
00000edf  TA1_0_IRQHandler               
00000edf  TA1_N_IRQHandler               
00000edf  TA2_0_IRQHandler               
00000edf  TA2_N_IRQHandler               
00000edf  TA3_0_IRQHandler               
00000edf  TA3_N_IRQHandler               
00000edf  UsageFault_Handler             
4000480c  WDTCTL_SYM                     
00000edf  WDT_A_IRQHandler               
20010000  __STACK_END                    
00000200  __STACK_SIZE                   
00000f20  __TI_CINIT_Base                
00000f30  __TI_CINIT_Limit               
00000f08  __TI_Handler_Table_Base        
00000f14  __TI_Handler_Table_Limit       
00000c71  __TI_auto_init                 
20000000  __TI_cleanup_ptr               
00000ce1  __TI_decompress_lzss           
00000ec5  __TI_decompress_none           
20000004  __TI_dtors_ptr                 
20000008  __TI_enable_exit_profile_output
ffffffff  __TI_pprof_out_hndl            
ffffffff  __TI_prof_data_size            
ffffffff  __TI_prof_data_start           
00000000  __TI_static_base__             
00000ee1  __TI_zero_init                 
00000aed  __aeabi_cdcmpeq                
00000aed  __aeabi_cdcmple                
00000e3d  __aeabi_d2iz                   
000006b5  __aeabi_ddiv                   
00000bf5  __aeabi_memclr                 
00000bf5  __aeabi_memclr4                
00000bf5  __aeabi_memclr8                
000009c1  __aeabi_memcpy                 
000009c1  __aeabi_memcpy4                
000009c1  __aeabi_memcpy8                
00000bf7  __aeabi_memset                 
00000bf7  __aeabi_memset4                
00000bf7  __aeabi_memset8                
ffffffff  __binit__                      
ffffffff  __c_args__                     
000007eb  __mpu_init                     
2000fe00  __stack                        
00000e85  _args_main                     
00000d49  _c_int00                       
2000000c  _lock                          
00000eab  _nop                           
00000ea3  _register_lock                 
00000e9d  _register_unlock               
00000b73  _system_post_cinit             
00000eed  _system_pre_init               
20000010  _unlock                        
00000da1  abort                          
ffffffff  binit                          
00000df1  copy_in                        
000008e9  delay_ms                       
00000911  delay_us                       
00000da9  exit                           
00000000  interruptVectors               
2000001c  itemCount                      
00000857  main                           
20000014  main_func_sp                   
000009c1  memcpy                         
00000bfd  memset                         
00000947  set_DCO                        
00000eb1  strlen                         
00000419  terminal_init                  
000005fb  terminal_receiveInt            
0000045f  terminal_transmitChar          
00000525  terminal_transmitDouble        
000004a3  terminal_transmitInt           
0000047b  terminal_transmitWord          
20000020  terminalbuffer                 
20000024  terminalbufferReady            
00000b75  timer_init                     


GLOBAL SYMBOLS: SORTED BY Symbol Address 

address   name                           
-------   ----                           
00000000  __TI_static_base__             
00000000  interruptVectors               
000000e5  SystemCoreClockUpdate          
00000200  __STACK_SIZE                   
0000035d  SystemInit                     
00000419  terminal_init                  
0000045f  terminal_transmitChar          
0000047b  terminal_transmitWord          
000004a3  terminal_transmitInt           
00000525  terminal_transmitDouble        
000005fb  terminal_receiveInt            
00000617  EUSCIA0_IRQHandler             
00000617  EUSCIA0_IRQHandler             
000006b5  __aeabi_ddiv                   
000007eb  __mpu_init                     
00000857  main                           
000008e9  delay_ms                       
00000911  delay_us                       
00000947  set_DCO                        
000009c1  __aeabi_memcpy                 
000009c1  __aeabi_memcpy4                
000009c1  __aeabi_memcpy8                
000009c1  memcpy                         
00000a5d  SPI_init                       
00000aed  __aeabi_cdcmpeq                
00000aed  __aeabi_cdcmple                
00000b73  _system_post_cinit             
00000b75  timer_init                     
00000bbf  TA0_0_IRQHandler               
00000bbf  TA0_0_IRQHandler               
00000bf5  __aeabi_memclr                 
00000bf5  __aeabi_memclr4                
00000bf5  __aeabi_memclr8                
00000bf7  __aeabi_memset                 
00000bf7  __aeabi_memset4                
00000bf7  __aeabi_memset8                
00000bfd  memset                         
00000c71  __TI_auto_init                 
00000ce1  __TI_decompress_lzss           
00000d49  _c_int00                       
00000d9d  C$$EXIT                        
00000da1  abort                          
00000da9  exit                           
00000df1  copy_in                        
00000e3d  __aeabi_d2iz                   
00000e85  _args_main                     
00000e9d  _register_unlock               
00000ea3  _register_lock                 
00000eab  _nop                           
00000eb1  strlen                         
00000ec5  __TI_decompress_none           
00000ed3  Reset_Handler                  
00000edf  ADC14_IRQHandler               
00000edf  AES256_IRQHandler              
00000edf  BusFault_Handler               
00000edf  COMP_E0_IRQHandler             
00000edf  COMP_E1_IRQHandler             
00000edf  CS_IRQHandler                  
00000edf  DMA_ERR_IRQHandler             
00000edf  DMA_INT0_IRQHandler            
00000edf  DMA_INT1_IRQHandler            
00000edf  DMA_INT2_IRQHandler            
00000edf  DMA_INT3_IRQHandler            
00000edf  DebugMon_Handler               
00000edf  Default_Handler                
00000edf  EUSCIA1_IRQHandler             
00000edf  EUSCIA2_IRQHandler             
00000edf  EUSCIA3_IRQHandler             
00000edf  EUSCIB0_IRQHandler             
00000edf  EUSCIB1_IRQHandler             
00000edf  EUSCIB2_IRQHandler             
00000edf  EUSCIB3_IRQHandler             
00000edf  FLCTL_IRQHandler               
00000edf  FPU_IRQHandler                 
00000edf  HardFault_Handler              
00000edf  MemManage_Handler              
00000edf  NMI_Handler                    
00000edf  PCM_IRQHandler                 
00000edf  PORT1_IRQHandler               
00000edf  PORT2_IRQHandler               
00000edf  PORT3_IRQHandler               
00000edf  PORT4_IRQHandler               
00000edf  PORT5_IRQHandler               
00000edf  PORT6_IRQHandler               
00000edf  PSS_IRQHandler                 
00000edf  PendSV_Handler                 
00000edf  RTC_C_IRQHandler               
00000edf  SVC_Handler                    
00000edf  SysTick_Handler                
00000edf  T32_INT1_IRQHandler            
00000edf  T32_INT2_IRQHandler            
00000edf  T32_INTC_IRQHandler            
00000edf  TA0_N_IRQHandler               
00000edf  TA1_0_IRQHandler               
00000edf  TA1_N_IRQHandler               
00000edf  TA2_0_IRQHandler               
00000edf  TA2_N_IRQHandler               
00000edf  TA3_0_IRQHandler               
00000edf  TA3_N_IRQHandler               
00000edf  UsageFault_Handler             
00000edf  WDT_A_IRQHandler               
00000ee1  __TI_zero_init                 
00000eed  _system_pre_init               
00000f08  __TI_Handler_Table_Base        
00000f14  __TI_Handler_Table_Limit       
00000f20  __TI_CINIT_Base                
00000f30  __TI_CINIT_Limit               
20000000  __TI_cleanup_ptr               
20000004  __TI_dtors_ptr                 
20000008  __TI_enable_exit_profile_output
2000000c  _lock                          
20000010  _unlock                        
20000014  main_func_sp                   
20000018  SystemCoreClock                
2000001c  itemCount                      
20000020  terminalbuffer                 
20000024  terminalbufferReady            
2000fe00  __stack                        
20010000  __STACK_END                    
4000480c  WDTCTL_SYM                     
ffffffff  __TI_pprof_out_hndl            
ffffffff  __TI_prof_data_size            
ffffffff  __TI_prof_data_start           
ffffffff  __binit__                      
ffffffff  __c_args__                     
ffffffff  binit                          
UNDEFED   SHT$$INIT_ARRAY$$Base          
UNDEFED   SHT$$INIT_ARRAY$$Limit         

[128 symbols]
